{"Type":"AWS::Cognito::UserPoolGroup","Properties":{"GroupName":"admins","Precedence":10,"UserPoolId":"eyAiUmVmIjogIlVzZXJQb29sIiB9"},"DependsOn":["UserPool"]}