apiVersion: 1
datasources:
- jsonData:
    authType: default
    defaultRegion: eu-west-1
  name: CloudWatch
  type: cloudwatch
