
	Successfully scaffolded my-app
	To deploy your application:
		- Commit and push the changes done by okctl
		- Run [32mkubectl apply -f infrastructure/applications/my-app/argocd-application.yaml[0m

    If using an ingress, it can take up to five minutes for the routing to configure
