AWSTemplateFormatVersion: 2010-09-09
Outputs:
  AWSLoadBalancerControllerPolicy:
    Export:
      Name:
        Fn::Sub: ${AWS::StackName}-AWSLoadBalancerControllerPolicy
    Value:
      Ref: AWSLoadBalancerControllerPolicy
Resources:
  AWSLoadBalancerControllerPolicy:
    Properties:
      Description: Service account policy for creating AWS load balancers
      ManagedPolicyName: okctl-tset-AWSLoadBalancerControllerServiceAccountPolicy
      PolicyDocument:
        Statement:
        - Action:
          - iam:CreateServiceLinkedRole
          - ec2:DescribeAccountAttributes
          - ec2:DescribeAddresses
          - ec2:DescribeInternetGateways
          - ec2:DescribeVpcs
          - ec2:DescribeSubnets
          - ec2:DescribeSecurityGroups
          - ec2:DescribeInstances
          - ec2:DescribeNetworkInterfaces
          - ec2:DescribeTags
          - elasticloadbalancing:DescribeLoadBalancers
          - elasticloadbalancing:DescribeLoadBalancerAttributes
          - elasticloadbalancing:DescribeListeners
          - elasticloadbalancing:DescribeListenerCertificates
          - elasticloadbalancing:DescribeSSLPolicies
          - elasticloadbalancing:DescribeRules
          - elasticloadbalancing:DescribeTargetGroups
          - elasticloadbalancing:DescribeTargetGroupAttributes
          - elasticloadbalancing:DescribeTargetHealth
          - elasticloadbalancing:DescribeTags
          Effect: Allow
          Resource:
          - '*'
        - Action:
          - cognito-idp:DescribeUserPoolClient
          - acm:ListCertificates
          - acm:DescribeCertificate
          - iam:ListServerCertificates
          - iam:GetServerCertificate
          - waf-regional:GetWebACL
          - waf-regional:GetWebACLForResource
          - waf-regional:AssociateWebACL
          - waf-regional:DisassociateWebACL
          - wafv2:GetWebACL
          - wafv2:GetWebACLForResource
          - wafv2:AssociateWebACL
          - wafv2:DisassociateWebACL
          - shield:GetSubscriptionState
          - shield:DescribeProtection
          - shield:CreateProtection
          - shield:DeleteProtection
          Effect: Allow
          Resource:
          - '*'
        - Action:
          - ec2:AuthorizeSecurityGroupIngress
          - ec2:RevokeSecurityGroupIngress
          Effect: Allow
          Resource:
          - '*'
        - Action:
          - ec2:CreateSecurityGroup
          Effect: Allow
          Resource:
          - '*'
        - Action:
          - ec2:CreateTags
          Condition:
            "Null":
              aws:RequestTag/elbv2.k8s.aws/cluster: "false"
            StringEquals:
              ec2:CreateAction: CreateSecurityGroup
          Effect: Allow
          Resource:
          - arn:aws:ec2:*:*:security-group/*
        - Action:
          - ec2:CreateTags
          - ec2:DeleteTags
          Condition:
            "Null":
              aws:RequestTag/elbv2.k8s.aws/cluster: "true"
              aws:ResourceTag/elbv2.k8s.aws/cluster: "false"
          Effect: Allow
          Resource:
          - arn:aws:ec2:*:*:security-group/*
        - Action:
          - ec2:AuthorizeSecurityGroupIngress
          - ec2:RevokeSecurityGroupIngress
          - ec2:DeleteSecurityGroup
          Condition:
            "Null":
              aws:ResourceTag/elbv2.k8s.aws/cluster: "false"
          Effect: Allow
          Resource:
          - '*'
        - Action:
          - elasticloadbalancing:CreateLoadBalancer
          - elasticloadbalancing:CreateTargetGroup
          Condition:
            "Null":
              aws:RequestTag/elbv2.k8s.aws/cluster: "false"
          Effect: Allow
          Resource:
          - '*'
        - Action:
          - elasticloadbalancing:CreateListener
          - elasticloadbalancing:DeleteListener
          - elasticloadbalancing:CreateRule
          - elasticloadbalancing:DeleteRule
          Effect: Allow
          Resource:
          - '*'
        - Action:
          - elasticloadbalancing:AddTags
          - elasticloadbalancing:RemoveTags
          Condition:
            "Null":
              aws:RequestTag/elbv2.k8s.aws/cluster: "true"
              aws:ResourceTag/elbv2.k8s.aws/cluster: "false"
          Effect: Allow
          Resource:
          - arn:aws:elasticloadbalancing:*:*:targetgroup/*/*
          - arn:aws:elasticloadbalancing:*:*:loadbalancer/net/*/*
          - arn:aws:elasticloadbalancing:*:*:loadbalancer/app/*/*
        - Action:
          - elasticloadbalancing:ModifyLoadBalancerAttributes
          - elasticloadbalancing:SetIpAddressType
          - elasticloadbalancing:SetSecurityGroups
          - elasticloadbalancing:SetSubnets
          - elasticloadbalancing:DeleteLoadBalancer
          - elasticloadbalancing:ModifyTargetGroup
          - elasticloadbalancing:ModifyTargetGroupAttributes
          - elasticloadbalancing:DeleteTargetGroup
          Condition:
            "Null":
              aws:ResourceTag/elbv2.k8s.aws/cluster: "false"
          Effect: Allow
          Resource:
          - '*'
        - Action:
          - elasticloadbalancing:RegisterTargets
          - elasticloadbalancing:DeregisterTargets
          Effect: Allow
          Resource:
          - arn:aws:elasticloadbalancing:*:*:targetgroup/*/*
        - Action:
          - elasticloadbalancing:SetWebAcl
          - elasticloadbalancing:ModifyListener
          - elasticloadbalancing:AddListenerCertificates
          - elasticloadbalancing:RemoveListenerCertificates
          - elasticloadbalancing:ModifyRule
          Effect: Allow
          Resource:
          - '*'
        Version: 2012-10-17
    Type: AWS::IAM::ManagedPolicy
