apiVersion: okctl.io/v1alpha1
kind: Application

metadata:
  # A name that identifies your app
  name: my-app
  # The Kubernetes namespace where your app will live
  namespace: my-namespace

# A collection of images required to run the application.
image: docker.pkg.github.com/my-org/my-repo/my-package

# The version of your app which is available as an image
version: 0.0.1

# The subdomain of the URL your app should be available on
# Example in a cluster with okctl.io as root cluster URL (as defined by primary DNS zone in the
# cluster declaration):
#
# subDomain: okctl
# result: okctl.okctl.io
# Comment this out to avoid setting up an ingress, in other words - avoid exposing it on the internet
#
subDomain: my-app

# The port your app listens on
# Comment this out to avoid setting up a service (required if url is specified)
#
port: 3000

# How many replicas of your application should we scaffold
#replicas: 3 # 1 by default

# A Docker repository secret for pulling your image
#imagePullSecret: my-pull-secret-name

# The environment your app requires
#environment:
#  MY_VARIABLE: my-value

# Volumes to mount
#volumes:
#  - /path/to/mount/volume: # Requests 1Gi by default
#  - /path/to/mount/volume: 24Gi

# Annotations for your ingress
#ingress:
#  annotations:
#    nginx.ingress.kubernetes.io/cors-allow-origin: http://localhost:8080
#    cert-manager.io/cluster-issuer: letsencrypt-production
