apiVersion: v1
data:
  hi: there
kind: ConfigMap
metadata:
  creationTimestamp: null
  name: name
  namespace: default
