
	Successfully deleted test
	To finish the deletion process:
		- Commit and push the changes done by okctl
