setopt PROMPT_SUBST
autoload -U colors && colors # Enable colors
prompt() {
PS1="Dir: %~ | \$(venv_ps1 myenv) \$"
}
precmd_functions+=(prompt)
