allowVolumeExpansion: true
apiVersion: storage.k8s.io/v1
kind: StorageClass
metadata:
  annotations:
    storageclass.kubernetes.io/is-default-class: "true"
  creationTimestamp: null
  name: ebs-sc
parameters:
  csi.storage.k8s.io/fsType: ext4
  encrypted: "true"
  iops: "3000"
  throughput: "125"
  type: gp3
provisioner: ebs.csi.aws.com
reclaimPolicy: Delete
volumeBindingMode: WaitForFirstConsumer
