preloading missing binary: okctl-upgrade_0.0.58 (0.0.58)
--- Running upgrade: okctl-upgrade_0.0.58 ---
Attempting to do something difficult...
