Okctl needs to initialize parts of the cluster state to support upgrades. Afterwards you should commit and push changes to git.
If you want more details, see https://okctl.io/getting-started/upgrading

Found 2 applicable upgrade(s):
0.0.63, 0.0.64

preloading missing binary: okctl-upgrade_0.0.63 (0.0.63)
preloading missing binary: okctl-upgrade_0.0.64 (0.0.64)
Simulating upgrades (we're not doing any actual changes yet, just printing what's going to happen)... 

--- Simulating upgrade: okctl-upgrade_0.0.63 ---
This is upgrade file for okctl-upgrade_0.0.63_Linux_amd64
--dry-run true flag was provided, so simulating changes.
--- Simulating upgrade: okctl-upgrade_0.0.64 ---
This is upgrade file for okctl-upgrade_0.0.64_Linux_amd64
--dry-run true flag was provided, so simulating changes.

Simulating upgrades complete.

--- Running upgrade: okctl-upgrade_0.0.63 ---
This is upgrade file for okctl-upgrade_0.0.63_Linux_amd64
--confirm flag was provided
Doing actual changes.
--- Running upgrade: okctl-upgrade_0.0.64 ---
This is upgrade file for okctl-upgrade_0.0.64_Linux_amd64
--confirm flag was provided
Doing actual changes.

Upgrade complete, cluster version is now 0.0.64.
