Okctl needs to initialize parts of the cluster state to support upgrades. Afterwards you should commit and push changes to git.
If you want more details, see https://okctl.io/getting-started/upgrading

Found 1 applicable upgrade(s):
0.0.70.somecomponent

preloading missing binary: okctl-upgrade_0.0.70.somecomponent (0.0.70.somecomponent)
Simulating upgrades (we're not doing any actual changes yet, just printing what's going to happen)... 

--- Simulating upgrade: okctl-upgrade_0.0.70.somecomponent ---
This is upgrade file for okctl-upgrade_0.0.70.somecomponent_Linux_amd64
--dry-run true flag was provided, so simulating changes.

Simulating upgrades complete.

--- Running upgrade: okctl-upgrade_0.0.70.somecomponent ---
This is upgrade file for okctl-upgrade_0.0.70.somecomponent_Linux_amd64
--confirm flag was provided
Doing actual changes.
The environment variable SOME_VAR is: hello

Done

Upgrade complete, cluster version is now 0.0.70. Remember to commit and push changes with git.
