[{"op":"add","path":"/spec/template/spec/containers/0/image","value":"docker.pkg.github.com/my-org/my-repo/my-package:0.0.1"}]