apiVersion: networking.k8s.io/v1beta1
kind: Ingress
metadata:
  annotations:
    alb.ingress.kubernetes.io/actions.ssl-redirect: '{"Type": "redirect", "RedirectConfig":
      { "Protocol": "HTTPS", "Port": "443", "StatusCode": "HTTP_301"}}'
    alb.ingress.kubernetes.io/listen-ports: '[{"HTTP": 80}, {"HTTPS": 443}]'
    alb.ingress.kubernetes.io/scheme: internet-facing
    kubernetes.io/ingress.class: alb
  name: my-app
  namespace: okctl
spec:
  rules:
  - http:
      paths:
      - backend:
          serviceName: ssl-redirect
          servicePort: use-annotation
        path: /*
      - backend:
          serviceName: my-app
          servicePort: 80
        path: /*

---

