resources:
- volumes.yaml
- service.yaml
- ingress.yaml
- service-monitor.yaml
- deployment.yaml
