apiVersion: argoproj.io/v1alpha1
kind: Application
metadata:
  name: namespaces
  namespace: argocd
spec:
  destination:
    namespace: argocd
    server: https://kubernetes.default.svc
  project: default
  source:
    path: infrastructure/mockCluster/argocd/namespaces
    repoURL: git@github.com:oslokommune/mock-iac
    targetRevision: HEAD
  syncPolicy:
    automated:
      prune: false
      selfHeal: false

---

