apiVersion: v1
kind: PersistentVolumeClaim
metadata:
  name: my-app-pathtomountvolume
  namespace: okctl
spec:
  accessModes:
  - ReadWriteMany
  resources:
    requests:
      storage: 24Gi

---

